Component: ARM Compiler 5.06 update 6 (build 750) Tool: armlink [4d35ed]

==============================================================================

Section Cross References

    startup_stm32f407xx.o(RESET) refers to startup_stm32f407xx.o(STACK) for __initial_sp
    startup_stm32f407xx.o(RESET) refers to startup_stm32f407xx.o(.text) for Reset_Handler
    startup_stm32f407xx.o(RESET) refers to stm32f4xx_it.o(i.NMI_Handler) for NMI_Handler
    startup_stm32f407xx.o(RESET) refers to context_rvds.o(.text) for HardFault_Handler
    startup_stm32f407xx.o(RESET) refers to stm32f4xx_it.o(i.BusFault_Handler) for BusFault_Handler
    startup_stm32f407xx.o(RESET) refers to stm32f4xx_it.o(i.UsageFault_Handler) for UsageFault_Handler
    startup_stm32f407xx.o(RESET) refers to stm32f4xx_it.o(i.DebugMon_Handler) for DebugMon_Handler
    startup_stm32f407xx.o(RESET) refers to board.o(i.SysTick_Handler) for SysTick_Handler
    startup_stm32f407xx.o(.text) refers to system_stm32f4xx.o(i.SystemInit) for SystemInit
    startup_stm32f407xx.o(.text) refers to entry.o(.ARM.Collect$$$$00000000) for __main
    main.o(i.SystemClock_Config) refers to memseta.o(.text) for __aeabi_memclr4
    main.o(i.SystemClock_Config) refers to stm32f4xx_hal_rcc.o(i.HAL_RCC_OscConfig) for HAL_RCC_OscConfig
    main.o(i.SystemClock_Config) refers to stm32f4xx_hal_rcc.o(i.HAL_RCC_ClockConfig) for HAL_RCC_ClockConfig
    main.o(i.main) refers to stm32f4xx_hal.o(i.HAL_Init) for HAL_Init
    main.o(i.main) refers to main.o(i.SystemClock_Config) for SystemClock_Config
    main.o(i.main) refers to gpio.o(i.MX_GPIO_Init) for MX_GPIO_Init
    main.o(i.main) refers to adc.o(i.MX_ADC1_Init) for MX_ADC1_Init
    main.o(i.main) refers to usart.o(i.MX_USART1_UART_Init) for MX_USART1_UART_Init
    main.o(i.main) refers to usart.o(i.MX_USART2_UART_Init) for MX_USART2_UART_Init
    main.o(i.main) refers to usart.o(i.MX_USART3_UART_Init) for MX_USART3_UART_Init
    main.o(i.main) refers to stm32f4xx_hal_cortex.o(i.HAL_NVIC_SetPriority) for HAL_NVIC_SetPriority
    main.o(i.main) refers to stm32f4xx_hal_cortex.o(i.HAL_NVIC_EnableIRQ) for HAL_NVIC_EnableIRQ
    gpio.o(i.MX_GPIO_Init) refers to memseta.o(.text) for __aeabi_memclr4
    gpio.o(i.MX_GPIO_Init) refers to stm32f4xx_hal_gpio.o(i.HAL_GPIO_WritePin) for HAL_GPIO_WritePin
    gpio.o(i.MX_GPIO_Init) refers to stm32f4xx_hal_gpio.o(i.HAL_GPIO_Init) for HAL_GPIO_Init
    adc.o(i.HAL_ADC_MspDeInit) refers to stm32f4xx_hal_gpio.o(i.HAL_GPIO_DeInit) for HAL_GPIO_DeInit
    adc.o(i.HAL_ADC_MspDeInit) refers to stm32f4xx_hal_cortex.o(i.HAL_NVIC_DisableIRQ) for HAL_NVIC_DisableIRQ
    adc.o(i.HAL_ADC_MspInit) refers to memseta.o(.text) for __aeabi_memclr4
    adc.o(i.HAL_ADC_MspInit) refers to stm32f4xx_hal_gpio.o(i.HAL_GPIO_Init) for HAL_GPIO_Init
    adc.o(i.HAL_ADC_MspInit) refers to stm32f4xx_hal_cortex.o(i.HAL_NVIC_SetPriority) for HAL_NVIC_SetPriority
    adc.o(i.HAL_ADC_MspInit) refers to stm32f4xx_hal_cortex.o(i.HAL_NVIC_EnableIRQ) for HAL_NVIC_EnableIRQ
    adc.o(i.MX_ADC1_Init) refers to stm32f4xx_hal_adc.o(i.HAL_ADC_Init) for HAL_ADC_Init
    adc.o(i.MX_ADC1_Init) refers to main.o(i.Error_Handler) for Error_Handler
    adc.o(i.MX_ADC1_Init) refers to stm32f4xx_hal_adc.o(i.HAL_ADC_ConfigChannel) for HAL_ADC_ConfigChannel
    adc.o(i.MX_ADC1_Init) refers to adc.o(.bss) for .bss
    usart.o(i.HAL_UART_MspDeInit) refers to stm32f4xx_hal_gpio.o(i.HAL_GPIO_DeInit) for HAL_GPIO_DeInit
    usart.o(i.HAL_UART_MspDeInit) refers to stm32f4xx_hal_cortex.o(i.HAL_NVIC_DisableIRQ) for HAL_NVIC_DisableIRQ
    usart.o(i.HAL_UART_MspInit) refers to memseta.o(.text) for __aeabi_memclr4
    usart.o(i.HAL_UART_MspInit) refers to stm32f4xx_hal_gpio.o(i.HAL_GPIO_Init) for HAL_GPIO_Init
    usart.o(i.HAL_UART_MspInit) refers to stm32f4xx_hal_cortex.o(i.HAL_NVIC_SetPriority) for HAL_NVIC_SetPriority
    usart.o(i.HAL_UART_MspInit) refers to stm32f4xx_hal_cortex.o(i.HAL_NVIC_EnableIRQ) for HAL_NVIC_EnableIRQ
    usart.o(i.HAL_UART_MspInit) refers to usart.o(i.rt_ringbuffer_init) for rt_ringbuffer_init
    usart.o(i.HAL_UART_MspInit) refers to ipc.o(i.rt_sem_init) for rt_sem_init
    usart.o(i.HAL_UART_MspInit) refers to usart.o(.bss) for .bss
    usart.o(i.MX_USART1_UART_Init) refers to stm32f4xx_hal_uart.o(i.HAL_UART_Init) for HAL_UART_Init
    usart.o(i.MX_USART1_UART_Init) refers to main.o(i.Error_Handler) for Error_Handler
    usart.o(i.MX_USART1_UART_Init) refers to usart.o(.bss) for .bss
    usart.o(i.MX_USART2_UART_Init) refers to stm32f4xx_hal_uart.o(i.HAL_UART_Init) for HAL_UART_Init
    usart.o(i.MX_USART2_UART_Init) refers to main.o(i.Error_Handler) for Error_Handler
    usart.o(i.MX_USART2_UART_Init) refers to usart.o(.bss) for .bss
    usart.o(i.MX_USART3_UART_Init) refers to stm32f4xx_hal_uart.o(i.HAL_UART_Init) for HAL_UART_Init
    usart.o(i.MX_USART3_UART_Init) refers to main.o(i.Error_Handler) for Error_Handler
    usart.o(i.MX_USART3_UART_Init) refers to usart.o(.bss) for .bss
[...]
    i.rt_system_scheduler_init               0x08004230   Section        0  scheduler.o(i.rt_system_scheduler_init)
    i.rt_system_scheduler_start              0x08004264   Section        0  scheduler.o(i.rt_system_scheduler_start)
    i.rt_system_timer_init                   0x0800428c   Section        0  timer.o(i.rt_system_timer_init)
    i.rt_system_timer_thread_init            0x08004298   Section        0  timer.o(i.rt_system_timer_thread_init)
    i.rt_thread_create                       0x0800429a   Section        0  thread.o(i.rt_thread_create)
    i.rt_thread_exit                         0x080042e4   Section        0  thread.o(i.rt_thread_exit)
    i.rt_thread_idle_entry                   0x0800433c   Section        0  idle.o(i.rt_thread_idle_entry)
    rt_thread_idle_entry                     0x0800433d   Thumb Code    24  idle.o(i.rt_thread_idle_entry)
    i.rt_thread_idle_excute                  0x08004358   Section        0  idle.o(i.rt_thread_idle_excute)
    i.rt_thread_idle_init                    0x08004424   Section        0  idle.o(i.rt_thread_idle_init)
    i.rt_thread_init                         0x0800445c   Section        0  thread.o(i.rt_thread_init)
    i.rt_thread_resume                       0x080044dc   Section        0  thread.o(i.rt_thread_resume)
    i.rt_thread_self                         0x08004568   Section        0  thread.o(i.rt_thread_self)
    i.rt_thread_startup                      0x08004574   Section        0  thread.o(i.rt_thread_startup)
    i.rt_thread_suspend                      0x08004630   Section        0  thread.o(i.rt_thread_suspend)
    i.rt_thread_timeout                      0x080046c0   Section        0  thread.o(i.rt_thread_timeout)
    i.rt_thread_yield                        0x08004774   Section        0  thread.o(i.rt_thread_yield)
    i.rt_tick_get                            0x080047d4   Section        0  clock.o(i.rt_tick_get)
    i.rt_tick_increase                       0x080047e0   Section        0  clock.o(i.rt_tick_increase)
    i.rt_timer_check                         0x0800480c   Section        0  timer.o(i.rt_timer_check)
    i.rt_timer_control                       0x08004888   Section        0  timer.o(i.rt_timer_control)
    i.rt_timer_detach                        0x08004938   Section        0  timer.o(i.rt_timer_detach)
    i.rt_timer_init                          0x08004a0c   Section        0  timer.o(i.rt_timer_init)
    i.rt_timer_start                         0x08004a5c   Section        0  timer.o(i.rt_timer_start)
    i.rt_timer_stop                          0x08004ba8   Section        0  timer.o(i.rt_timer_stop)
    i.rt_vsnprintf                           0x08004c5c   Section        0  kservice.o(i.rt_vsnprintf)
    i.rti_board_end                          0x08004ed8   Section        0  components.o(i.rti_board_end)
    rti_board_end                            0x08004ed9   Thumb Code     4  components.o(i.rti_board_end)
    i.rti_board_start                        0x08004edc   Section        0  components.o(i.rti_board_start)
    rti_board_start                          0x08004edd   Thumb Code     4  components.o(i.rti_board_start)
    i.rti_end                                0x08004ee0   Section        0  components.o(i.rti_end)
    rti_end                                  0x08004ee1   Thumb Code     4  components.o(i.rti_end)
    i.rti_start                              0x08004ee4   Section        0  components.o(i.rti_start)
    rti_start                                0x08004ee5   Thumb Code     4  components.o(i.rti_start)
    i.rtthread_startup                       0x08004ee8   Section        0  components.o(i.rtthread_startup)
    i.show_wait_queue                        0x08004f14   Section        0  cmd.o(i.show_wait_queue)
    show_wait_queue                          0x08004f15   Thumb Code    38  cmd.o(i.show_wait_queue)
    i.skip_atoi                              0x08004f44   Section        0  kservice.o(i.skip_atoi)
    skip_atoi                                0x08004f45   Thumb Code    40  kservice.o(i.skip_atoi)
    i.usage_fault_track                      0x08004f6c   Section        0  cpuport.o(i.usage_fault_track)
    usage_fault_track                        0x08004f6d   Thumb Code   100  cpuport.o(i.usage_fault_track)
    i.version                                0x0800503c   Section        0  cmd.o(i.version)
    .constdata                               0x08005046   Section       63  usart.o(.constdata)
    __FUNCTION__                             0x08005046   Data          19  usart.o(.constdata)
    __FUNCTION__                             0x08005059   Data          22  usart.o(.constdata)
    __FUNCTION__                             0x0800506f   Data          22  usart.o(.constdata)
    .constdata                               0x08005085   Section       16  system_stm32f4xx.o(.constdata)
    .constdata                               0x08005095   Section        8  system_stm32f4xx.o(.constdata)
    .constdata                               0x0800509d   Section       74  shell.o(.constdata)
    __FUNCTION__                             0x0800509d   Data          22  shell.o(.constdata)
    __FUNCTION__                             0x080050b3   Data          22  shell.o(.constdata)
    __FUNCTION__                             0x080050c9   Data          15  shell.o(.constdata)
    __FUNCTION__                             0x080050d8   Data          15  shell.o(.constdata)
    .constdata                               0x080050e7   Section        6  cmd.o(.constdata)
    .constdata                               0x080050ed   Section        8  cmd.o(.constdata)
    .constdata                               0x080050f5   Section       14  cmd.o(.constdata)
    .constdata                               0x08005103   Section       12  cmd.o(.constdata)
    .constdata                               0x0800510f   Section       18  cmd.o(.constdata)
    .constdata                               0x08005121   Section        9  cmd.o(.constdata)
    .constdata                               0x0800512a   Section       15  cmd.o(.constdata)
    .constdata                               0x08005139   Section       11  cmd.o(.constdata)
    .constdata                               0x08005144   Section       17  cmd.o(.constdata)
    .constdata                               0x08005155   Section       11  cmd.o(.constdata)
    .constdata                               0x08005160   Section       17  cmd.o(.constdata)
    .constdata                               0x08005171   Section       13  cmd.o(.constdata)
    .constdata                               0x0800517e   Section       19  cmd.o(.constdata)
    .constdata                               0x08005191   Section       14  cmd.o(.constdata)
    .constdata                               0x0800519f   Section       20  cmd.o(.constdata)
    .constdata                               0x080051b3   Section       11  cmd.o(.constdata)
    .constdata                               0x080051be   Section       17  cmd.o(.constdata)
    .constdata                               0x080051cf   Section        5  cmd.o(.constdata)
    .constdata                               0x080051d4   Section       11  msh.o(.constdata)
    .constdata                               0x080051df   Section        9  msh.o(.constdata)
    .constdata                               0x080051e8   Section       11  msh.o(.constdata)
    .constdata                               0x080051f3   Section       14  msh.o(.constdata)
    __FUNCTION__                             0x080051f3   Data          14  msh.o(.constdata)
    .constdata                               0x08005201   Section       20  components.o(.constdata)
    __FUNCTION__                             0x08005201   Data          20  components.o(.constdata)
    .constdata                               0x08005215   Section       22  idle.o(.constdata)
    __FUNCTION__                             0x08005215   Data          22  idle.o(.constdata)
    .constdata                               0x0800522b   Section      503  ipc.o(.constdata)
    __FUNCTION__                             0x0800522b   Data          12  ipc.o(.constdata)
    __FUNCTION__                             0x08005237   Data          14  ipc.o(.constdata)
    __FUNCTION__                             0x08005245   Data          14  ipc.o(.constdata)
    __FUNCTION__                             0x08005253   Data          14  ipc.o(.constdata)
    __FUNCTION__                             0x08005261   Data          12  ipc.o(.constdata)
    __FUNCTION__                             0x0800526d   Data          15  ipc.o(.constdata)
    __FUNCTION__                             0x0800527c   Data          15  ipc.o(.constdata)
    __FUNCTION__                             0x0800528b   Data          14  ipc.o(.constdata)
    __FUNCTION__                             0x08005299   Data          16  ipc.o(.constdata)
    __FUNCTION__                             0x080052a9   Data          16  ipc.o(.constdata)
    __FUNCTION__                             0x080052b9   Data          16  ipc.o(.constdata)
    __FUNCTION__                             0x080052c9   Data          14  ipc.o(.constdata)
    __FUNCTION__                             0x080052d7   Data          17  ipc.o(.constdata)
    __FUNCTION__                             0x080052e8   Data          17  ipc.o(.constdata)
    __FUNCTION__                             0x080052f9   Data          14  ipc.o(.constdata)
    __FUNCTION__                             0x08005307   Data          16  ipc.o(.constdata)
    __FUNCTION__                             0x08005317   Data          16  ipc.o(.constdata)
    __FUNCTION__                             0x08005327   Data          16  ipc.o(.constdata)
    __FUNCTION__                             0x08005337   Data          14  ipc.o(.constdata)
    __FUNCTION__                             0x08005345   Data          14  ipc.o(.constdata)
    __FUNCTION__                             0x08005353   Data          17  ipc.o(.constdata)
    __FUNCTION__                             0x08005364   Data          11  ipc.o(.constdata)
    __FUNCTION__                             0x0800536f   Data          13  ipc.o(.constdata)
    __FUNCTION__                             0x0800537c   Data          13  ipc.o(.constdata)
    __FUNCTION__                             0x08005389   Data          13  ipc.o(.constdata)
    __FUNCTION__                             0x08005396   Data          16  ipc.o(.constdata)
    __FUNCTION__                             0x080053a6   Data          11  ipc.o(.constdata)
    __FUNCTION__                             0x080053b1   Data          14  ipc.o(.constdata)
    __FUNCTION__                             0x080053bf   Data          11  ipc.o(.constdata)
    __FUNCTION__                             0x080053ca   Data          13  ipc.o(.constdata)
    __FUNCTION__                             0x080053d7   Data          13  ipc.o(.constdata)
    __FUNCTION__                             0x080053e4   Data          13  ipc.o(.constdata)
    __FUNCTION__                             0x080053f1   Data          11  ipc.o(.constdata)
    __FUNCTION__                             0x080053fc   Data          13  ipc.o(.constdata)
    __FUNCTION__                             0x08005409   Data          11  ipc.o(.constdata)
    __FUNCTION__                             0x08005414   Data          14  ipc.o(.constdata)
    .constdata                               0x08005422   Section      290  kservice.o(.constdata)
    small_digits                             0x08005522   Data          17  kservice.o(.constdata)
    large_digits                             0x08005533   Data          17  kservice.o(.constdata)
    .constdata                               0x08005544   Section        9  mem.o(.constdata)
    .constdata                               0x0800554d   Section       60  mem.o(.constdata)
    __FUNCTION__                             0x0800554d   Data           8  mem.o(.constdata)
    __FUNCTION__                             0x08005555   Data          11  mem.o(.constdata)
    __FUNCTION__                             0x08005560   Data          20  mem.o(.constdata)
    __FUNCTION__                             0x08005574   Data          10  mem.o(.constdata)
    __FUNCTION__                             0x0800557e   Data          11  mem.o(.constdata)
    .constdata                               0x08005589   Section      128  object.o(.constdata)
    __FUNCTION__                             0x08005589   Data          15  object.o(.constdata)
    __FUNCTION__                             0x08005598   Data          17  object.o(.constdata)
    __FUNCTION__                             0x080055a9   Data          19  object.o(.constdata)
    __FUNCTION__                             0x080055bc   Data          17  object.o(.constdata)
    __FUNCTION__                             0x080055cd   Data          26  object.o(.constdata)
    __FUNCTION__                             0x080055e7   Data          19  object.o(.constdata)
    __FUNCTION__                             0x080055fa   Data          15  object.o(.constdata)
    .constdata                               0x08005609   Section       52  scheduler.o(.constdata)
    __FUNCTION__                             0x08005609   Data          26  scheduler.o(.constdata)
    __FUNCTION__                             0x08005623   Data          26  scheduler.o(.constdata)
    .constdata                               0x0800563d   Section      185  thread.o(.constdata)
    __FUNCTION__                             0x0800563d   Data          16  thread.o(.constdata)
    __FUNCTION__                             0x0800564d   Data          15  thread.o(.constdata)
    __FUNCTION__                             0x0800565c   Data          18  thread.o(.constdata)
    __FUNCTION__                             0x0800566e   Data          17  thread.o(.constdata)
    __FUNCTION__                             0x0800567f   Data          17  thread.o(.constdata)
    __FUNCTION__                             0x08005690   Data          16  thread.o(.constdata)
    __FUNCTION__                             0x080056a0   Data          18  thread.o(.constdata)
    __FUNCTION__                             0x080056b2   Data          18  thread.o(.constdata)
    __FUNCTION__                             0x080056c4   Data          17  thread.o(.constdata)
    __FUNCTION__                             0x080056d5   Data          18  thread.o(.constdata)
    __FUNCTION__                             0x080056e7   Data          15  thread.o(.constdata)
    .constdata                               0x080056f6   Section       92  timer.o(.constdata)
    __FUNCTION__                             0x080056f6   Data          14  timer.o(.constdata)
    __FUNCTION__                             0x08005704   Data          16  timer.o(.constdata)
    __FUNCTION__                             0x08005714   Data          16  timer.o(.constdata)
    __FUNCTION__                             0x08005724   Data          15  timer.o(.constdata)
    __FUNCTION__                             0x08005733   Data          14  timer.o(.constdata)
    __FUNCTION__                             0x08005741   Data          17  timer.o(.constdata)
    .conststring                             0x08005754   Section       68  cmd.o(.conststring)
    .conststring                             0x08005798   Section       69  ipc.o(.conststring)
    .conststring                             0x080057e0   Section      237  mem.o(.conststring)
    .conststring                             0x080058d0   Section       66  thread.o(.conststring)
    .rti_fn.0                                0x08005914   Section        4  components.o(.rti_fn.0)
    __tagsym$$used                           0x08005914   Number         0  components.o(.rti_fn.0)
    .rti_fn.0.end                            0x08005918   Section        4  components.o(.rti_fn.0.end)
    __tagsym$$used                           0x08005918   Number         0  components.o(.rti_fn.0.end)
    .rti_fn.1.end                            0x0800591c   Section        4  components.o(.rti_fn.1.end)
    __tagsym$$used                           0x0800591c   Number         0  components.o(.rti_fn.1.end)
    .rti_fn.6                                0x08005920   Section        4  shell.o(.rti_fn.6)
    __tagsym$$used                           0x08005920   Number         0  shell.o(.rti_fn.6)
    .rti_fn.6.end                            0x08005924   Section        4  components.o(.rti_fn.6.end)
    __tagsym$$used                           0x08005924   Number         0  components.o(.rti_fn.6.end)
    FSymTab                                  0x08005928   Section      144  cmd.o(FSymTab)
    __tagsym$$used                           0x08005928   Number         0  cmd.o(FSymTab)
    __tagsym$$used                           0x08005930   Number         0  cmd.o(FSymTab)
    __tagsym$$used                           0x08005938   Number         0  cmd.o(FSymTab)
    __tagsym$$used                           0x08005940   Number         0  cmd.o(FSymTab)
    __tagsym$$used                           0x08005948   Number         0  cmd.o(FSymTab)
    __tagsym$$used                           0x08005950   Number         0  cmd.o(FSymTab)
    __tagsym$$used                           0x08005958   Number         0  cmd.o(FSymTab)
    __tagsym$$used                           0x08005960   Number         0  cmd.o(FSymTab)
    __tagsym$$used                           0x08005968   Number         0  cmd.o(FSymTab)
    __tagsym$$used                           0x08005970   Number         0  cmd.o(FSymTab)
    __tagsym$$used                           0x08005978   Number         0  cmd.o(FSymTab)
    __tagsym$$used                           0x08005980   Number         0  cmd.o(FSymTab)
    __tagsym$$used                           0x08005988   Number         0  cmd.o(FSymTab)
    __tagsym$$used                           0x08005990   Number         0  cmd.o(FSymTab)
    __tagsym$$used                           0x08005998   Number         0  cmd.o(FSymTab)
    __tagsym$$used                           0x080059a0   Number         0  cmd.o(FSymTab)
    __tagsym$$used                           0x080059a8   Number         0  cmd.o(FSymTab)
    __tagsym$$used                           0x080059b0   Number         0  cmd.o(FSymTab)
    FSymTab                                  0x080059b8   Section       24  msh.o(FSymTab)
    __tagsym$$used                           0x080059b8   Number         0  msh.o(FSymTab)
    __tagsym$$used                           0x080059c0   Number         0  msh.o(FSymTab)
    __tagsym$$used                           0x080059c8   Number         0  msh.o(FSymTab)
    FSymTab                                  0x080059d0   Section        8  mem.o(FSymTab)
    __tagsym$$used                           0x080059d0   Number         0  mem.o(FSymTab)
    .data                                    0x20000000   Section       12  stm32f4xx_hal.o(.data)
    .data                                    0x2000000c   Section        4  system_stm32f4xx.o(.data)
    .data                                    0x20000010   Section       24  shell.o(.data)
    finsh_prompt_custom                      0x20000020   Data           4  shell.o(.data)
    .data                                    0x20000028   Section        4  clock.o(.data)
    rt_tick                                  0x20000028   Data           4  clock.o(.data)
    .data                                    0x2000002c   Section       12  irq.o(.data)
    rt_interrupt_enter_hook                  0x20000030   Data           4  irq.o(.data)
    rt_interrupt_leave_hook                  0x20000034   Data           4  irq.o(.data)
    .data                                    0x20000038   Section        8  kservice.o(.data)
    __rt_errno                               0x20000038   Data           4  kservice.o(.data)
    .data                                    0x20000040   Section       32  mem.o(.data)
    rt_malloc_hook                           0x20000040   Data           4  mem.o(.data)
    rt_free_hook                             0x20000044   Data           4  mem.o(.data)
    heap_ptr                                 0x20000048   Data           4  mem.o(.data)
    heap_end                                 0x2000004c   Data           4  mem.o(.data)
    lfree                                    0x20000050   Data           4  mem.o(.data)
    mem_size_aligned                         0x20000054   Data           4  mem.o(.data)
    used_mem                                 0x20000058   Data           4  mem.o(.data)
    max_mem                                  0x2000005c   Data           4  mem.o(.data)
    .data                                    0x20000060   Section      132  object.o(.data)
    rt_object_attach_hook                    0x20000060   Data           4  object.o(.data)
    rt_object_detach_hook                    0x20000064   Data           4  object.o(.data)
    rt_object_container                      0x20000074   Data         112  object.o(.data)
    .data                                    0x200000e4   Section       24  scheduler.o(.data)
    rt_scheduler_lock_nest                   0x200000e6   Data           2  scheduler.o(.data)
    rt_scheduler_hook                        0x200000f0   Data           4  scheduler.o(.data)
    .data                                    0x200000fc   Section       12  thread.o(.data)
    rt_thread_suspend_hook                   0x200000fc   Data           4  thread.o(.data)
    rt_thread_resume_hook                    0x20000100   Data           4  thread.o(.data)
    rt_thread_inited_hook                    0x20000104   Data           4  thread.o(.data)
    .data                                    0x20000108   Section       20  timer.o(.data)
    random_nr                                0x20000108   Data           4  timer.o(.data)
    rt_timer_enter_hook                      0x2000010c   Data           4  timer.o(.data)
    rt_timer_exit_hook                       0x20000110   Data           4  timer.o(.data)
    rt_timer_list                            0x20000114   Data           8  timer.o(.data)
    .data                                    0x2000011c   Section        4  cpuport.o(.data)
    rt_exception_hook                        0x2000011c   Data           4  cpuport.o(.data)
    .data                                    0x20000120   Section        4  cpuport.o(.data)
    .data                                    0x20000124   Section        4  cpuport.o(.data)
    .data                                    0x20000128   Section        4  cpuport.o(.data)
    .bss                                     0x2000012c   Section       72  adc.o(.bss)
    .bss                                     0x20000174   Section      260  usart.o(.bss)
    shell_rx_sem                             0x20000190   Data          40  usart.o(.bss)
    .bss                                     0x20000278   Section      129  shell.o(.bss)
    finsh_prompt                             0x20000278   Data         129  shell.o(.bss)
    .bss                                     0x200002fc   Section     4096  board.o(.bss)
    rt_heap                                  0x200002fc   Data        4096  board.o(.bss)
    .bss                                     0x200012fc   Section      416  idle.o(.bss)
    idle                                     0x200012fc   Data         144  idle.o(.bss)
    rt_thread_stack                          0x2000138c   Data         256  idle.o(.bss)
    idle_hook_list                           0x2000148c   Data          16  idle.o(.bss)
    .bss                                     0x2000149c   Section      128  kservice.o(.bss)
    rt_log_buf                               0x2000149c   Data         128  kservice.o(.bss)
    .bss                                     0x2000151c   Section       40  mem.o(.bss)
    heap_sem                                 0x2000151c   Data          40  mem.o(.bss)
    .bss                                     0x20001544   Section      256  scheduler.o(.bss)
    STACK                                    0x20001648   Section     1024  startup_stm32f407xx.o(STACK)

    Global Symbols

    Symbol Name                              Value     Ov Type        Size  Object(Section)

    BuildAttributes$$THM_ISAv4$E$P$D$K$B$S$7EM$VFPi3$EXTD16$VFPS$VFMA$PE$A:L22UL41UL21$X:L11$S22US41US21$IEEE1$IW$USESV6$~STKCKD$USESV7$~SHL$OSPACE$EBA8$MICROLIB$REQ8$PRES8$EABIv2 0x00000000   Number         0  anon$$obj.o ABSOLUTE
    __ARM_use_no_argv                        0x00000000   Number         0  main.o ABSOLUTE
    __cpp_initialize__aeabi_                  - Undefined Weak Reference
    __cxa_finalize                            - Undefined Weak Reference
    _clock_init                               - Undefined Weak Reference
    _microlib_exit                            - Undefined Weak Reference
    __Vectors_Size                           0x00000188   Number         0  startup_stm32f407xx.o ABSOLUTE
    __Vectors                                0x08000000   Data           4  startup_stm32f407xx.o(RESET)
    __Vectors_End                            0x08000188   Data           0  startup_stm32f407xx.o(RESET)
    __main                                   0x08000189   Thumb Code     0  entry.o(.ARM.Collect$$$$00000000)
    _main_stk                                0x08000189   Thumb Code     0  entry2.o(.ARM.Collect$$$$00000001)
    _main_scatterload                        0x0800018d   Thumb Code     0  entry5.o(.ARM.Collect$$$$00000004)
    __main_after_scatterload                 0x08000191   Thumb Code     0  entry5.o(.ARM.Collect$$$$00000004)
    _main_clock                              0x08000191   Thumb Code     0  entry7b.o(.ARM.Collect$$$$00000008)
    _main_cpp_init                           0x08000191   Thumb Code     0  entry8b.o(.ARM.Collect$$$$0000000A)
    _main_init                               0x08000191   Thumb Code     0  entry9a.o(.ARM.Collect$$$$0000000B)
    __rt_final_cpp                           0x08000199   Thumb Code     0  entry10a.o(.ARM.Collect$$$$0000000D)
    __rt_final_exit                          0x08000199   Thumb Code     0  entry11a.o(.ARM.Collect$$$$0000000F)
    Reset_Handler                            0x0800019d   Thumb Code     8  startup_stm32f407xx.o(.text)
    MemManage_Handler                        0x080001a9   Thumb Code     2  startup_stm32f407xx.o(.text)
    SVC_Handler                              0x080001af   Thumb Code     2  startup_stm32f407xx.o(.text)
    ADC_IRQHandler                           0x080001b7   Thumb Code     0  startup_stm32f407xx.o(.text)
    CAN1_RX0_IRQHandler                      0x080001b7   Thumb Code     0  startup_stm32f407xx.o(.text)
    CAN1_RX1_IRQHandler                      0x080001b7   Thumb Code     0  startup_stm32f407xx.o(.text)
    CAN1_SCE_IRQHandler                      0x080001b7   Thumb Code     0  startup_stm32f407xx.o(.text)
    CAN1_TX_IRQHandler                       0x080001b7   Thumb Code     0  startup_stm32f407xx.o(.text)
    CAN2_RX0_IRQHandler                      0x080001b7   Thumb Code     0  startup_stm32f407xx.o(.text)
    CAN2_RX1_IRQHandler                      0x080001b7   Thumb Code     0  startup_stm32f407xx.o(.text)
    CAN2_SCE_IRQHandler                      0x080001b7   Thumb Code     0  startup_stm32f407xx.o(.text)
    CAN2_TX_IRQHandler                       0x080001b7   Thumb Code     0  startup_stm32f407xx.o(.text)
    DCMI_IRQHandler                          0x080001b7   Thumb Code     0  startup_stm32f407xx.o(.text)
    DMA1_Stream0_IRQHandler                  0x080001b7   Thumb Code     0  startup_stm32f407xx.o(.text)
    DMA1_Stream1_IRQHandler                  0x080001b7   Thumb Code     0  startup_stm32f407xx.o(.text)
    DMA1_Stream2_IRQHandler                  0x080001b7   Thumb Code     0  startup_stm32f407xx.o(.text)
    DMA1_Stream3_IRQHandler                  0x080001b7   Thumb Code     0  startup_stm32f407xx.o(.text)
    DMA1_Stream4_IRQHandler                  0x080001b7   Thumb Code     0  startup_stm32f407xx.o(.text)
    DMA1_Stream5_IRQHandler                  0x080001b7   Thumb Code     0  startup_stm32f407xx.o(.text)
    DMA1_Stream6_IRQHandler                  0x080001b7   Thumb Code     0  startup_stm32f407xx.o(.text)
    DMA1_Stream7_IRQHandler                  0x080001b7   Thumb Code     0  startup_stm32f407xx.o(.text)
    DMA2_Stream0_IRQHandler                  0x080001b7   Thumb Code     0  startup_stm32f407xx.o(.text)
    DMA2_Stream1_IRQHandler                  0x080001b7   Thumb Code     0  startup_stm32f407xx.o(.text)
    DMA2_Stream2_IRQHandler                  0x080001b7   Thumb Code     0  startup_stm32f407xx.o(.text)
    DMA2_Stream3_IRQHandler                  0x080001b7   Thumb Code     0  startup_stm32f407xx.o(.text)
    DMA2_Stream4_IRQHandler                  0x080001b7   Thumb Code     0  startup_stm32f407xx.o(.text)
    DMA2_Stream5_IRQHandler                  0x080001b7   Thumb Code     0  startup_stm32f407xx.o(.text)
    DMA2_Stream6_IRQHandler                  0x080001b7   Thumb Code     0  startup_stm32f407xx.o(.text)
    DMA2_Stream7_IRQHandler                  0x080001b7   Thumb Code     0  startup_stm32f407xx.o(.text)
    ETH_IRQHandler                           0x080001b7   Thumb Code     0  startup_stm32f407xx.o(.text)
    ETH_WKUP_IRQHandler                      0x080001b7   Thumb Code     0  startup_stm32f407xx.o(.text)
    EXTI0_IRQHandler                         0x080001b7   Thumb Code     0  startup_stm32f407xx.o(.text)
    EXTI15_10_IRQHandler                     0x080001b7   Thumb Code     0  startup_stm32f407xx.o(.text)
    EXTI1_IRQHandler                         0x080001b7   Thumb Code     0  startup_stm32f407xx.o(.text)
    EXTI2_IRQHandler                         0x080001b7   Thumb Code     0  startup_stm32f407xx.o(.text)
    EXTI3_IRQHandler                         0x080001b7   Thumb Code     0  startup_stm32f407xx.o(.text)
    EXTI4_IRQHandler                         0x080001b7   Thumb Code     0  startup_stm32f407xx.o(.text)
    EXTI9_5_IRQHandler                       0x080001b7   Thumb Code     0  startup_stm32f407xx.o(.text)
    FLASH_IRQHandler                         0x080001b7   Thumb Code     0  startup_stm32f407xx.o(.text)
    FMC_IRQHandler                           0x080001b7   Thumb Code     0  startup_stm32f407xx.o(.text)
    FPU_IRQHandler                           0x080001b7   Thumb Code     0  startup_stm32f407xx.o(.text)
    HASH_RNG_IRQHandler                      0x080001b7   Thumb Code     0  startup_stm32f407xx.o(.text)
    I2C1_ER_IRQHandler                       0x080001b7   Thumb Code     0  startup_stm32f407xx.o(.text)
    I2C1_EV_IRQHandler                       0x080001b7   Thumb Code     0  startup_stm32f407xx.o(.text)
    I2C2_ER_IRQHandler                       0x080001b7   Thumb Code     0  startup_stm32f407xx.o(.text)
    I2C2_EV_IRQHandler                       0x080001b7   Thumb Code     0  startup_stm32f407xx.o(.text)
    I2C3_ER_IRQHandler                       0x080001b7   Thumb Code     0  startup_stm32f407xx.o(.text)
    I2C3_EV_IRQHandler                       0x080001b7   Thumb Code     0  startup_stm32f407xx.o(.text)
    OTG_FS_IRQHandler                        0x080001b7   Thumb Code     0  startup_stm32f407xx.o(.text)
    OTG_FS_WKUP_IRQHandler                   0x080001b7   Thumb Code     0  startup_stm32f407xx.o(.text)
    OTG_HS_EP1_IN_IRQHandler                 0x080001b7   Thumb Code     0  startup_stm32f407xx.o(.text)
    OTG_HS_EP1_OUT_IRQHandler                0x080001b7   Thumb Code     0  startup_stm32f407xx.o(.text)
    OTG_HS_IRQHandler                        0x080001b7   Thumb Code     0  startup_stm32f407xx.o(.text)
    OTG_HS_WKUP_IRQHandler                   0x080001b7   Thumb Code     0  startup_stm32f407xx.o(.text)
    PVD_IRQHandler                           0x080001b7   Thumb Code     0  startup_stm32f407xx.o(.text)
    RCC_IRQHandler                           0x080001b7   Thumb Code     0  startup_stm32f407xx.o(.text)
    RTC_Alarm_IRQHandler                     0x080001b7   Thumb Code     0  startup_stm32f407xx.o(.text)
    RTC_WKUP_IRQHandler                      0x080001b7   Thumb Code     0  startup_stm32f407xx.o(.text)
    SDIO_IRQHandler                          0x080001b7   Thumb Code     0  startup_stm32f407xx.o(.text)
    SPI1_IRQHandler                          0x080001b7   Thumb Code     0  startup_stm32f407xx.o(.text)
    SPI2_IRQHandler                          0x080001b7   Thumb Code     0  startup_stm32f407xx.o(.text)
    SPI3_IRQHandler                          0x080001b7   Thumb Code     0  startup_stm32f407xx.o(.text)
    TAMP_STAMP_IRQHandler                    0x080001b7   Thumb Code     0  startup_stm32f407xx.o(.text)
    TIM1_BRK_TIM9_IRQHandler                 0x080001b7   Thumb Code     0  startup_stm32f407xx.o(.text)
    TIM1_CC_IRQHandler                       0x080001b7   Thumb Code     0  startup_stm32f407xx.o(.text)
    TIM1_TRG_COM_TIM11_IRQHandler            0x080001b7   Thumb Code     0  startup_stm32f407xx.o(.text)
    TIM1_UP_TIM10_IRQHandler                 0x080001b7   Thumb Code     0  startup_stm32f407xx.o(.text)
    TIM2_IRQHandler                          0x080001b7   Thumb Code     0  startup_stm32f407xx.o(.text)
    TIM3_IRQHandler                          0x080001b7   Thumb Code     0  startup_stm32f407xx.o(.text)
    TIM4_IRQHandler                          0x080001b7   Thumb Code     0  startup_stm32f407xx.o(.text)
    TIM5_IRQHandler                          0x080001b7   Thumb Code     0  startup_stm32f407xx.o(.text)
    TIM6_DAC_IRQHandler                      0x080001b7   Thumb Code     0  startup_stm32f407xx.o(.text)
    TIM7_IRQHandler                          0x080001b7   Thumb Code     0  startup_stm32f407xx.o(.text)
    TIM8_BRK_TIM12_IRQHandler                0x080001b7   Thumb Code     0  startup_stm32f407xx.o(.text)
    TIM8_CC_IRQHandler                       0x080001b7   Thumb Code     0  startup_stm32f407xx.o(.text)
    TIM8_TRG_COM_TIM14_IRQHandler            0x080001b7   Thumb Code     0  startup_stm32f407xx.o(.text)
    TIM8_UP_TIM13_IRQHandler                 0x080001b7   Thumb Code     0  startup_stm32f407xx.o(.text)
    UART4_IRQHandler                         0x080001b7   Thumb Code     0  startup_stm32f407xx.o(.text)
    UART5_IRQHandler                         0x080001b7   Thumb Code     0  startup_stm32f407xx.o(.text)
    USART1_IRQHandler                        0x080001b7   Thumb Code     0  startup_stm32f407xx.o(.text)
    USART2_IRQHandler                        0x080001b7   Thumb Code     0  startup_stm32f407xx.o(.text)
    USART3_IRQHandler                        0x080001b7   Thumb Code     0  startup_stm32f407xx.o(.text)
    USART6_IRQHandler                        0x080001b7   Thumb Code     0  startup_stm32f407xx.o(.text)
    WWDG_IRQHandler                          0x080001b7   Thumb Code     0  startup_stm32f407xx.o(.text)
    rt_hw_interrupt_disable                  0x080001c1   Thumb Code     8  context_rvds.o(.text)
    rt_hw_interrupt_enable                   0x080001c9   Thumb Code     6  context_rvds.o(.text)
    rt_hw_context_switch                     0x080001cf   Thumb Code    32  context_rvds.o(.text)
    rt_hw_context_switch_interrupt           0x080001cf   Thumb Code     0  context_rvds.o(.text)
    PendSV_Handler                           0x080001ef   Thumb Code   108  context_rvds.o(.text)
    rt_hw_context_switch_to                  0x0800025b   Thumb Code    70  context_rvds.o(.text)
    rt_hw_interrupt_thread_switch            0x080002a1   Thumb Code     2  context_rvds.o(.text)
    HardFault_Handler                        0x080002a3   Thumb Code    56  context_rvds.o(.text)
    __aeabi_uldivmod                         0x080002f5   Thumb Code    98  uldiv.o(.text)
    __aeabi_memcpy                           0x08000357   Thumb Code    36  memcpya.o(.text)
    __aeabi_memcpy4                          0x08000357   Thumb Code     0  memcpya.o(.text)
    __aeabi_memcpy8                          0x08000357   Thumb Code     0  memcpya.o(.text)
    __aeabi_memset                           0x0800037b   Thumb Code    14  memseta.o(.text)
    __aeabi_memset4                          0x0800037b   Thumb Code     0  memseta.o(.text)
    __aeabi_memset8                          0x0800037b   Thumb Code     0  memseta.o(.text)
    __aeabi_memclr                           0x08000389   Thumb Code     4  memseta.o(.text)
    __aeabi_memclr4                          0x08000389   Thumb Code     0  memseta.o(.text)
    __aeabi_memclr8                          0x08000389   Thumb Code     0  memseta.o(.text)
    _memset$wrapper                          0x0800038d   Thumb Code    18  memseta.o(.text)
    strcat                                   0x0800039f   Thumb Code    24  strcat.o(.text)
    strncpy                                  0x080003b7   Thumb Code    24  strncpy.o(.text)
    strlen                                   0x080003cf   Thumb Code    14  strlen.o(.text)
    strcpy                                   0x080003dd   Thumb Code    18  strcpy.o(.text)
    strncmp                                  0x080003ef   Thumb Code    30  strncmp.o(.text)
    __aeabi_llsl                             0x0800040d   Thumb Code    30  llshl.o(.text)
    _ll_shift_l                              0x0800040d   Thumb Code     0  llshl.o(.text)
    __aeabi_llsr                             0x0800042b   Thumb Code    32  llushr.o(.text)
    _ll_ushift_r                             0x0800042b   Thumb Code     0  llushr.o(.text)
    __scatterload                            0x0800044d   Thumb Code    28  init.o(.text)
    __scatterload_rt2                        0x0800044d   Thumb Code     0  init.o(.text)
    __decompress                             0x08000471   Thumb Code     0  __dczerorl2.o(.text)
    __decompress1                            0x08000471   Thumb Code    86  __dczerorl2.o(.text)
    main                                     0x080004c7   Thumb Code    10  components.o(i.$Sub$$main)
    BusFault_Handler                         0x080005f9   Thumb Code     2  stm32f4xx_it.o(i.BusFault_Handler)
    DebugMon_Handler                         0x080005fb   Thumb Code     2  stm32f4xx_it.o(i.DebugMon_Handler)
    Error_Handler                            0x080005fd   Thumb Code     2  main.o(i.Error_Handler)
    HAL_ADC_ConfigChannel                    0x08000601   Thumb Code   316  stm32f4xx_hal_adc.o(i.HAL_ADC_ConfigChannel)
    HAL_ADC_Init                             0x0800074d   Thumb Code    84  stm32f4xx_hal_adc.o(i.HAL_ADC_Init)
    HAL_ADC_MspInit                          0x080007a1   Thumb Code   100  adc.o(i.HAL_ADC_MspInit)
    HAL_GPIO_Init                            0x08000811   Thumb Code   394  stm32f4xx_hal_gpio.o(i.HAL_GPIO_Init)
    HAL_GPIO_WritePin                        0x080009c9   Thumb Code    10  stm32f4xx_hal_gpio.o(i.HAL_GPIO_WritePin)
    HAL_GetTick                              0x080009d5   Thumb Code     6  stm32f4xx_hal.o(i.HAL_GetTick)
    HAL_Init                                 0x080009e1   Thumb Code    48  stm32f4xx_hal.o(i.HAL_Init)
    HAL_InitTick                             0x08000a15   Thumb Code    54  stm32f4xx_hal.o(i.HAL_InitTick)
    HAL_MspInit                              0x08000a55   Thumb Code    42  stm32f4xx_hal_msp.o(i.HAL_MspInit)
    HAL_NVIC_EnableIRQ                       0x08000a85   Thumb Code    26  stm32f4xx_hal_cortex.o(i.HAL_NVIC_EnableIRQ)
    HAL_NVIC_SetPriority                     0x08000aa1   Thumb Code    60  stm32f4xx_hal_cortex.o(i.HAL_NVIC_SetPriority)
    HAL_NVIC_SetPriorityGrouping             0x08000ae1   Thumb Code    26  stm32f4xx_hal_cortex.o(i.HAL_NVIC_SetPriorityGrouping)
    HAL_RCC_ClockConfig                      0x08000b05   Thumb Code   288  stm32f4xx_hal_rcc.o(i.HAL_RCC_ClockConfig)
    HAL_RCC_GetPCLK1Freq                     0x08000c39   Thumb Code    20  stm32f4xx_hal_rcc.o(i.HAL_RCC_GetPCLK1Freq)
    HAL_RCC_GetPCLK2Freq                     0x08000c59   Thumb Code    20  stm32f4xx_hal_rcc.o(i.HAL_RCC_GetPCLK2Freq)
    HAL_RCC_GetSysClockFreq                  0x08000c79   Thumb Code    88  stm32f4xx_hal_rcc.o(i.HAL_RCC_GetSysClockFreq)
    HAL_RCC_OscConfig                        0x08000cdd   Thumb Code   840  stm32f4xx_hal_rcc.o(i.HAL_RCC_OscConfig)
    HAL_SYSTICK_Config                       0x08001039   Thumb Code    40  stm32f4xx_hal_cortex.o(i.HAL_SYSTICK_Config)
    HAL_UART_Init                            0x08001061   Thumb Code    98  stm32f4xx_hal_uart.o(i.HAL_UART_Init)
    HAL_UART_MspInit                         0x080010c5   Thumb Code   344  usart.o(i.HAL_UART_MspInit)
    HAL_UART_Transmit                        0x08001249   Thumb Code   186  stm32f4xx_hal_uart.o(i.HAL_UART_Transmit)
    MX_ADC1_Init                             0x08001305   Thumb Code    86  adc.o(i.MX_ADC1_Init)
    MX_GPIO_Init                             0x08001369   Thumb Code   134  gpio.o(i.MX_GPIO_Init)
    MX_USART1_UART_Init                      0x080013f9   Thumb Code    48  usart.o(i.MX_USART1_UART_Init)
    MX_USART2_UART_Init                      0x08001431   Thumb Code    48  usart.o(i.MX_USART2_UART_Init)
    MX_USART3_UART_Init                      0x08001469   Thumb Code    48  usart.o(i.MX_USART3_UART_Init)
    NMI_Handler                              0x080014a1   Thumb Code     2  stm32f4xx_it.o(i.NMI_Handler)
    SysTick_Handler                          0x080014a3   Thumb Code    18  board.o(i.SysTick_Handler)
    SystemClock_Config                       0x080014b5   Thumb Code   126  main.o(i.SystemClock_Config)
    SystemCoreClockUpdate                    0x0800153d   Thumb Code   104  system_stm32f4xx.o(i.SystemCoreClockUpdate)
    SystemInit                               0x080015b9   Thumb Code    22  system_stm32f4xx.o(i.SystemInit)
    UsageFault_Handler                       0x08001761   Thumb Code     2  stm32f4xx_it.o(i.UsageFault_Handler)
    __rt_ffs                                 0x08001785   Thumb Code    64  kservice.o(i.__rt_ffs)
    __scatterload_copy                       0x080017c9   Thumb Code    14  handlers.o(i.__scatterload_copy)
    __scatterload_null                       0x080017d7   Thumb Code     2  handlers.o(i.__scatterload_null)
    __scatterload_zeroinit                   0x080017d9   Thumb Code    14  handlers.o(i.__scatterload_zeroinit)
    cmd_free                                 0x08001aa1   Thumb Code    10  msh.o(i.cmd_free)
    cmd_ps                                   0x08001aab   Thumb Code    10  msh.o(i.cmd_ps)
    finsh_get_prompt                         0x08001ab5   Thumb Code    66  shell.o(i.finsh_get_prompt)
    finsh_set_prompt_mode                    0x08001b15   Thumb Code    34  shell.o(i.finsh_set_prompt_mode)
    finsh_system_function_init               0x08001b55   Thumb Code     8  shell.o(i.finsh_system_function_init)
    finsh_system_init                        0x08001b61   Thumb Code    90  shell.o(i.finsh_system_init)
    finsh_thread_entry                       0x08001bf5   Thumb Code   612  shell.o(i.finsh_thread_entry)
    hello                                    0x08001ef9   Thumb Code    12  cmd.o(i.hello)
    list                                     0x08001f19   Thumb Code    48  cmd.o(i.list)
    list_event                               0x08001f6d   Thumb Code   184  cmd.o(i.list_event)
    list_mailbox                             0x08002129   Thumb Code   200  cmd.o(i.list_mailbox)
    list_mem                                 0x0800226d   Thumb Code    32  mem.o(i.list_mem)
    list_msgqueue                            0x080022d9   Thumb Code   188  cmd.o(i.list_msgqueue)
    list_mutex                               0x08002401   Thumb Code   148  cmd.o(i.list_mutex)
    list_sem                                 0x080024f9   Thumb Code   188  cmd.o(i.list_sem)
    list_thread                              0x08002615   Thumb Code   250  cmd.o(i.list_thread)
    list_timer                               0x080027cd   Thumb Code   160  cmd.o(i.list_timer)
    $Super$$main                             0x0800290d   Thumb Code    46  main.o(i.main)
    main_thread_entry                        0x0800293b   Thumb Code    14  components.o(i.main_thread_entry)
    msh_auto_complete                        0x08002a21   Thumb Code   150  msh.o(i.msh_auto_complete)
    msh_exec                                 0x08002acd   Thumb Code    74  msh.o(i.msh_exec)
    msh_help                                 0x08002b31   Thumb Code    56  msh.o(i.msh_help)
    msh_is_used                              0x08002b9d   Thumb Code     4  msh.o(i.msh_is_used)
    rt_application_init                      0x08002ea1   Thumb Code    48  components.o(i.rt_application_init)
    rt_assert_handler                        0x08002ef1   Thumb Code    46  kservice.o(i.rt_assert_handler)
    rt_calloc                                0x08002f5d   Thumb Code    26  mem.o(i.rt_calloc)
    rt_components_board_init                 0x08002f79   Thumb Code    20  components.o(i.rt_components_board_init)
    rt_components_init                       0x08002f95   Thumb Code    20  components.o(i.rt_components_init)
    rt_enter_critical                        0x08002fb1   Thumb Code    22  scheduler.o(i.rt_enter_critical)
    rt_exit_critical                         0x08002fcd   Thumb Code    52  scheduler.o(i.rt_exit_critical)
    rt_free                                  0x08003005   Thumb Code   230  mem.o(i.rt_free)
    rt_heap_begin_get                        0x080031d1   Thumb Code     4  board.o(i.rt_heap_begin_get)
    rt_heap_end_get                          0x080031d9   Thumb Code     4  board.o(i.rt_heap_end_get)
    rt_hw_board_init                         0x080031e1   Thumb Code    70  board.o(i.rt_hw_board_init)
    rt_hw_console_getchar                    0x08003231   Thumb Code    40  usart.o(i.rt_hw_console_getchar)
    rt_hw_console_output                     0x0800325d   Thumb Code    66  usart.o(i.rt_hw_console_output)
    rt_hw_hard_fault_exception               0x080032a5   Thumb Code   198  cpuport.o(i.rt_hw_hard_fault_exception)
    rt_hw_stack_init                         0x080034bd   Thumb Code    54  cpuport.o(i.rt_hw_stack_init)
    rt_interrupt_enter                       0x080034f9   Thumb Code    32  irq.o(i.rt_interrupt_enter)
    rt_interrupt_get_nest                    0x0800351d   Thumb Code     6  irq.o(i.rt_interrupt_get_nest)
    rt_interrupt_leave                       0x08003529   Thumb Code    32  irq.o(i.rt_interrupt_leave)
    rt_kprintf                               0x080035b1   Thumb Code    28  kservice.o(i.rt_kprintf)
    rt_malloc                                0x08003641   Thumb Code   354  mem.o(i.rt_malloc)
    rt_memmove                               0x0800383d   Thumb Code    50  kservice.o(i.rt_memmove)
    rt_memset                                0x0800386f   Thumb Code    18  kservice.o(i.rt_memset)
    rt_object_allocate                       0x08003881   Thumb Code   144  object.o(i.rt_object_allocate)
    rt_object_delete                         0x0800395d   Thumb Code    80  object.o(i.rt_object_delete)
    rt_object_detach                         0x080039f5   Thumb Code    56  object.o(i.rt_object_detach)
    rt_object_get_information                0x08003a49   Thumb Code    30  object.o(i.rt_object_get_information)
    rt_object_get_type                       0x08003a6d   Thumb Code    26  object.o(i.rt_object_get_type)
    rt_object_init                           0x08003aa1   Thumb Code   124  object.o(i.rt_object_init)
    rt_object_is_systemobject                0x08003b4d   Thumb Code    32  object.o(i.rt_object_is_systemobject)
    rt_ringbuffer_data_len                   0x08003b85   Thumb Code    58  usart.o(i.rt_ringbuffer_data_len)
    rt_ringbuffer_getchar                    0x08003bc1   Thumb Code    82  usart.o(i.rt_ringbuffer_getchar)
    rt_ringbuffer_init                       0x08003c29   Thumb Code    70  usart.o(i.rt_ringbuffer_init)
    rt_schedule                              0x08003c91   Thumb Code    88  scheduler.o(i.rt_schedule)
    rt_schedule_insert_thread                0x08003cf5   Thumb Code    84  scheduler.o(i.rt_schedule_insert_thread)
    rt_schedule_remove_thread                0x08003d69   Thumb Code    78  scheduler.o(i.rt_schedule_remove_thread)
    rt_sem_init                              0x08003dd9   Thumb Code    68  ipc.o(i.rt_sem_init)
    rt_sem_release                           0x08003e45   Thumb Code    98  ipc.o(i.rt_sem_release)
    rt_sem_take                              0x08003ec5   Thumb Code   248  ipc.o(i.rt_sem_take)
    rt_show_version                          0x08004041   Thumb Code    40  kservice.o(i.rt_show_version)
    rt_strlen                                0x080040f1   Thumb Code    16  kservice.o(i.rt_strlen)
    rt_strncpy                               0x08004101   Thumb Code    38  kservice.o(i.rt_strncpy)
    rt_system_heap_init                      0x08004129   Thumb Code   140  mem.o(i.rt_system_heap_init)
    rt_system_scheduler_init                 0x08004231   Thumb Code    44  scheduler.o(i.rt_system_scheduler_init)
    rt_system_scheduler_start                0x08004265   Thumb Code    32  scheduler.o(i.rt_system_scheduler_start)
    rt_system_timer_init                     0x0800428d   Thumb Code     8  timer.o(i.rt_system_timer_init)
    rt_system_timer_thread_init              0x08004299   Thumb Code     2  timer.o(i.rt_system_timer_thread_init)
    rt_thread_create                         0x0800429b   Thumb Code    72  thread.o(i.rt_thread_create)
    rt_thread_exit                           0x080042e5   Thumb Code    80  thread.o(i.rt_thread_exit)
    rt_thread_idle_excute                    0x08004359   Thumb Code   152  idle.o(i.rt_thread_idle_excute)
    rt_thread_idle_init                      0x08004425   Thumb Code    40  idle.o(i.rt_thread_idle_init)
    rt_thread_init                           0x0800445d   Thumb Code    80  thread.o(i.rt_thread_init)
    rt_thread_resume                         0x080044dd   Thumb Code   106  thread.o(i.rt_thread_resume)
    rt_thread_self                           0x08004569   Thumb Code     6  thread.o(i.rt_thread_self)
    rt_thread_startup                        0x08004575   Thumb Code   100  thread.o(i.rt_thread_startup)
    rt_thread_suspend                        0x08004631   Thumb Code   112  thread.o(i.rt_thread_suspend)
    rt_thread_timeout                        0x080046c1   Thumb Code    92  thread.o(i.rt_thread_timeout)
    rt_thread_yield                          0x08004775   Thumb Code    86  thread.o(i.rt_thread_yield)
    rt_tick_get                              0x080047d5   Thumb Code     6  clock.o(i.rt_tick_get)
    rt_tick_increase                         0x080047e1   Thumb Code    38  clock.o(i.rt_tick_increase)
    rt_timer_check                           0x0800480d   Thumb Code   118  timer.o(i.rt_timer_check)
    rt_timer_control                         0x08004889   Thumb Code    92  timer.o(i.rt_timer_control)
    rt_timer_detach                          0x08004939   Thumb Code    82  timer.o(i.rt_timer_detach)
    rt_timer_init                            0x08004a0d   Thumb Code    56  timer.o(i.rt_timer_init)
    rt_timer_start                           0x08004a5d   Thumb Code   202  timer.o(i.rt_timer_start)
    rt_timer_stop                            0x08004ba9   Thumb Code    92  timer.o(i.rt_timer_stop)
    rt_vsnprintf                             0x08004c5d   Thumb Code   626  kservice.o(i.rt_vsnprintf)
    rtthread_startup                         0x08004ee9   Thumb Code    42  components.o(i.rtthread_startup)
    version                                  0x0800503d   Thumb Code    10  cmd.o(i.version)
    AHBPrescTable                            0x08005085   Data          16  system_stm32f4xx.o(.constdata)
    APBPrescTable                            0x08005095   Data           8  system_stm32f4xx.o(.constdata)
    __fsym_hello_name                        0x080050e7   Data           6  cmd.o(.constdata)
    __fsym_version_name                      0x080050ed   Data           8  cmd.o(.constdata)
    __fsym___cmd_version_name                0x080050f5   Data          14  cmd.o(.constdata)
    __fsym_list_thread_name                  0x08005103   Data          12  cmd.o(.constdata)
    __fsym___cmd_list_thread_name            0x0800510f   Data          18  cmd.o(.constdata)
    __fsym_list_sem_name                     0x08005121   Data           9  cmd.o(.constdata)
    __fsym___cmd_list_sem_name               0x0800512a   Data          15  cmd.o(.constdata)
    __fsym_list_event_name                   0x08005139   Data          11  cmd.o(.constdata)
    __fsym___cmd_list_event_name             0x08005144   Data          17  cmd.o(.constdata)
    __fsym_list_mutex_name                   0x08005155   Data          11  cmd.o(.constdata)
    __fsym___cmd_list_mutex_name             0x08005160   Data          17  cmd.o(.constdata)
    __fsym_list_mailbox_name                 0x08005171   Data          13  cmd.o(.constdata)
    __fsym___cmd_list_mailbox_name           0x0800517e   Data          19  cmd.o(.constdata)
    __fsym_list_msgqueue_name                0x08005191   Data          14  cmd.o(.constdata)
    __fsym___cmd_list_msgqueue_name          0x0800519f   Data          20  cmd.o(.constdata)
    __fsym_list_timer_name                   0x080051b3   Data          11  cmd.o(.constdata)
    __fsym___cmd_list_timer_name             0x080051be   Data          17  cmd.o(.constdata)
    __fsym_list_name                         0x080051cf   Data           5  cmd.o(.constdata)
    __fsym___cmd_help_name                   0x080051d4   Data          11  msh.o(.constdata)
    __fsym___cmd_ps_name                     0x080051df   Data           9  msh.o(.constdata)
    __fsym___cmd_free_name                   0x080051e8   Data          11  msh.o(.constdata)
    __lowest_bit_bitmap                      0x08005422   Data         256  kservice.o(.constdata)
    __fsym_list_mem_name                     0x08005544   Data           9  mem.o(.constdata)
    __rt_init_rti_start                      0x08005914   Data           4  components.o(.rti_fn.0)
    __rt_init_rti_board_start                0x08005918   Data           4  components.o(.rti_fn.0.end)
    __rt_init_rti_board_end                  0x0800591c   Data           4  components.o(.rti_fn.1.end)
    __rt_init_finsh_system_init              0x08005920   Data           4  shell.o(.rti_fn.6)
    __rt_init_rti_end                        0x08005924   Data           4  components.o(.rti_fn.6.end)
    FSymTab$$Base                            0x08005928   Number         0  cmd.o(FSymTab)
    __fsym_hello                             0x08005928   Data           8  cmd.o(FSymTab)
    __fsym_version                           0x08005930   Data           8  cmd.o(FSymTab)
    __fsym___cmd_version                     0x08005938   Data           8  cmd.o(FSymTab)
    __fsym_list_thread                       0x08005940   Data           8  cmd.o(FSymTab)
    __fsym___cmd_list_thread                 0x08005948   Data           8  cmd.o(FSymTab)
    __fsym_list_sem                          0x08005950   Data           8  cmd.o(FSymTab)
    __fsym___cmd_list_sem                    0x08005958   Data           8  cmd.o(FSymTab)
    __fsym_list_event                        0x08005960   Data           8  cmd.o(FSymTab)
    __fsym___cmd_list_event                  0x08005968   Data           8  cmd.o(FSymTab)
    __fsym_list_mutex                        0x08005970   Data           8  cmd.o(FSymTab)
    __fsym___cmd_list_mutex                  0x08005978   Data           8  cmd.o(FSymTab)
    __fsym_list_mailbox                      0x08005980   Data           8  cmd.o(FSymTab)
    __fsym___cmd_list_mailbox                0x08005988   Data           8  cmd.o(FSymTab)
    __fsym_list_msgqueue                     0x08005990   Data           8  cmd.o(FSymTab)
    __fsym___cmd_list_msgqueue               0x08005998   Data           8  cmd.o(FSymTab)
    __fsym_list_timer                        0x080059a0   Data           8  cmd.o(FSymTab)
    __fsym___cmd_list_timer                  0x080059a8   Data           8  cmd.o(FSymTab)
    __fsym_list                              0x080059b0   Data           8  cmd.o(FSymTab)
    __fsym___cmd_help                        0x080059b8   Data           8  msh.o(FSymTab)
    __fsym___cmd_ps                          0x080059c0   Data           8  msh.o(FSymTab)
    __fsym___cmd_free                        0x080059c8   Data           8  msh.o(FSymTab)
    __fsym_list_mem                          0x080059d0   Data           8  mem.o(FSymTab)
    FSymTab$$Limit                           0x080059d8   Number         0  mem.o(FSymTab)
    Region$$Table$$Base                      0x080059d8   Number         0  anon$$obj.o(Region$$Table)
    Region$$Table$$Limit                     0x080059f8   Number         0  anon$$obj.o(Region$$Table)
    uwTickFreq                               0x20000000   Data           1  stm32f4xx_hal.o(.data)
    uwTickPrio                               0x20000004   Data           4  stm32f4xx_hal.o(.data)
    uwTick                                   0x20000008   Data           4  stm32f4xx_hal.o(.data)
    SystemCoreClock                          0x2000000c   Data           4  system_stm32f4xx.o(.data)
    _syscall_table_begin                     0x20000010   Data           4  shell.o(.data)
    _syscall_table_end                       0x20000014   Data           4  shell.o(.data)
    _sysvar_table_begin                      0x20000018   Data           4  shell.o(.data)
    _sysvar_table_end                        0x2000001c   Data           4  shell.o(.data)
    shell                                    0x20000024   Data           4  shell.o(.data)
    rt_interrupt_nest                        0x2000002c   Data           1  irq.o(.data)
    rt_assert_hook                           0x2000003c   Data           4  kservice.o(.data)
    rt_object_trytake_hook                   0x20000068   Data           4  object.o(.data)
    rt_object_take_hook                      0x2000006c   Data           4  object.o(.data)
    rt_object_put_hook                       0x20000070   Data           4  object.o(.data)
    rt_current_priority                      0x200000e4   Data           1  scheduler.o(.data)
    rt_current_thread                        0x200000e8   Data           4  scheduler.o(.data)
    rt_thread_ready_priority_group           0x200000ec   Data           4  scheduler.o(.data)
    rt_thread_defunct                        0x200000f4   Data           8  scheduler.o(.data)
    rt_interrupt_from_thread                 0x20000120   Data           4  cpuport.o(.data)
    rt_interrupt_to_thread                   0x20000124   Data           4  cpuport.o(.data)
    rt_thread_switch_interrupt_flag          0x20000128   Data           4  cpuport.o(.data)
    hadc1                                    0x2000012c   Data          72  adc.o(.bss)
    uart_rx_buf                              0x20000174   Data          16  usart.o(.bss)
    uart_rxcb                                0x20000184   Data          12  usart.o(.bss)
    huart1                                   0x200001b8   Data          64  usart.o(.bss)
    huart2                                   0x200001f8   Data          64  usart.o(.bss)
    huart3                                   0x20000238   Data          64  usart.o(.bss)
    rt_thread_priority_table                 0x20001544   Data         256  scheduler.o(.bss)
    __initial_sp                             0x20001a48   Data           0  startup_stm32f407xx.o(STACK)



==============================================================================

Memory Map of the image

  Image Entry point : 0x08000189

  Load Region LR_IROM1 (Base: 0x08000000, Size: 0x00005b24, Max: 0x00080000, ABSOLUTE, COMPRESSED[0x00005a40])

    Execution Region ER_IROM1 (Exec base: 0x08000000, Load base: 0x08000000, Size: 0x000059f8, Max: 0x00080000, ABSOLUTE)

    Exec Addr    Load Addr    Size         Type   Attr      Idx    E Section Name        Object

    0x08000000   0x08000000   0x00000188   Data   RO            3    RESET               startup_stm32f407xx.o
    0x08000188   0x08000188   0x00000000   Code   RO         3745  * .ARM.Collect$$$$00000000  mc_w.l(entry.o)
    0x08000188   0x08000188   0x00000004   Code   RO         3766    .ARM.Collect$$$$00000001  mc_w.l(entry2.o)
    0x0800018c   0x0800018c   0x00000004   Code   RO         3769    .ARM.Collect$$$$00000004  mc_w.l(entry5.o)
    0x08000190   0x08000190   0x00000000   Code   RO         3771    .ARM.Collect$$$$00000008  mc_w.l(entry7b.o)
    0x08000190   0x08000190   0x00000000   Code   RO         3773    .ARM.Collect$$$$0000000A  mc_w.l(entry8b.o)
    0x08000190   0x08000190   0x00000008   Code   RO         3774    .ARM.Collect$$$$0000000B  mc_w.l(entry9a.o)
    0x08000198   0x08000198   0x00000000   Code   RO         3776    .ARM.Collect$$$$0000000D  mc_w.l(entry10a.o)
    0x08000198   0x08000198   0x00000000   Code   RO         3778    .ARM.Collect$$$$0000000F  mc_w.l(entry11a.o)
    0x08000198   0x08000198   0x00000004   Code   RO         3767    .ARM.Collect$$$$00002712  mc_w.l(entry2.o)
    0x0800019c   0x0800019c   0x00000024   Code   RO            4    .text               startup_stm32f407xx.o
    0x080001c0   0x080001c0   0x00000134   Code   RO         2499    .text               context_rvds.o
    0x080002f4   0x080002f4   0x00000062   Code   RO         3748    .text               mc_w.l(uldiv.o)
    0x08000356   0x08000356   0x00000024   Code   RO         3750    .text               mc_w.l(memcpya.o)
    0x0800037a   0x0800037a   0x00000024   Code   RO         3752    .text               mc_w.l(memseta.o)
    0x0800039e   0x0800039e   0x00000018   Code   RO         3754    .text               mc_w.l(strcat.o)
    0x080003b6   0x080003b6   0x00000018   Code   RO         3756    .text               mc_w.l(strncpy.o)
    0x080003ce   0x080003ce   0x0000000e   Code   RO         3758    .text               mc_w.l(strlen.o)
    0x080003dc   0x080003dc   0x00000012   Code   RO         3760    .text               mc_w.l(strcpy.o)
    0x080003ee   0x080003ee   0x0000001e   Code   RO         3762    .text               mc_w.l(strncmp.o)
    0x0800040c   0x0800040c   0x0000001e   Code   RO         3780    .text               mc_w.l(llshl.o)
    0x0800042a   0x0800042a   0x00000020   Code   RO         3782    .text               mc_w.l(llushr.o)
    0x0800044a   0x0800044a   0x00000002   PAD
    0x0800044c   0x0800044c   0x00000024   Code   RO         3784    .text               mc_w.l(init.o)
    0x08000470   0x08000470   0x00000056   Code   RO         3794    .text               mc_w.l(__dczerorl2.o)
    0x080004c6   0x080004c6   0x0000000a   Code   RO         2574    i.$Sub$$main        components.o
    0x080004d0   0x080004d0   0x00000128   Code   RO          418    i.ADC_Init          stm32f4xx_hal_adc.o
    0x080005f8   0x080005f8   0x00000002   Code   RO          346    i.BusFault_Handler  stm32f4xx_it.o
    0x080005fa   0x080005fa   0x00000002   Code   RO          347    i.DebugMon_Handler  stm32f4xx_it.o
    0x080005fc   0x080005fc   0x00000002   Code   RO           13    i.Error_Handler     main.o
    0x080005fe   0x080005fe   0x00000002   PAD
    0x08000600   0x08000600   0x0000014c   Code   RO          420    i.HAL_ADC_ConfigChannel  stm32f4xx_hal_adc.o
    0x0800074c   0x0800074c   0x00000054   Code   RO          429    i.HAL_ADC_Init      stm32f4xx_hal_adc.o
    0x080007a0   0x080007a0   0x00000070   Code   RO          211    i.HAL_ADC_MspInit   adc.o
    0x08000810   0x08000810   0x000001b8   Code   RO         1045    i.HAL_GPIO_Init     stm32f4xx_hal_gpio.o
    0x080009c8   0x080009c8   0x0000000a   Code   RO         1049    i.HAL_GPIO_WritePin  stm32f4xx_hal_gpio.o
    0x080009d2   0x080009d2   0x00000002   PAD
    0x080009d4   0x080009d4   0x0000000c   Code   RO         1577    i.HAL_GetTick       stm32f4xx_hal.o
    0x080009e0   0x080009e0   0x00000034   Code   RO         1584    i.HAL_Init          stm32f4xx_hal.o
    0x08000a14   0x08000a14   0x00000040   Code   RO         1585    i.HAL_InitTick      stm32f4xx_hal.o
    0x08000a54   0x08000a54   0x00000030   Code   RO          391    i.HAL_MspInit       stm32f4xx_hal_msp.o
    0x08000a84   0x08000a84   0x0000001a   Code   RO         1434    i.HAL_NVIC_EnableIRQ  stm32f4xx_hal_cortex.o
    0x08000a9e   0x08000a9e   0x00000002   PAD
    0x08000aa0   0x08000aa0   0x00000040   Code   RO         1440    i.HAL_NVIC_SetPriority  stm32f4xx_hal_cortex.o
    0x08000ae0   0x08000ae0   0x00000024   Code   RO         1441    i.HAL_NVIC_SetPriorityGrouping  stm32f4xx_hal_cortex.o
    0x08000b04   0x08000b04   0x00000134   Code   RO          691    i.HAL_RCC_ClockConfig  stm32f4xx_hal_rcc.o
    0x08000c38   0x08000c38   0x00000020   Code   RO          698    i.HAL_RCC_GetPCLK1Freq  stm32f4xx_hal_rcc.o
    0x08000c58   0x08000c58   0x00000020   Code   RO          699    i.HAL_RCC_GetPCLK2Freq  stm32f4xx_hal_rcc.o
    0x08000c78   0x08000c78   0x00000064   Code   RO          700    i.HAL_RCC_GetSysClockFreq  stm32f4xx_hal_rcc.o
    0x08000cdc   0x08000cdc   0x0000035c   Code   RO          703    i.HAL_RCC_OscConfig  stm32f4xx_hal_rcc.o
    0x08001038   0x08001038   0x00000028   Code   RO         1445    i.HAL_SYSTICK_Config  stm32f4xx_hal_cortex.o
    0x08001060   0x08001060   0x00000062   Code   RO         1883    i.HAL_UART_Init     stm32f4xx_hal_uart.o
    0x080010c2   0x080010c2   0x00000002   PAD
    0x080010c4   0x080010c4   0x00000184   Code   RO          253    i.HAL_UART_MspInit  usart.o
    0x08001248   0x08001248   0x000000ba   Code   RO         1891    i.HAL_UART_Transmit  stm32f4xx_hal_uart.o
    0x08001302   0x08001302   0x00000002   PAD
    0x08001304   0x08001304   0x00000064   Code   RO          212    i.MX_ADC1_Init      adc.o
    0x08001368   0x08001368   0x00000090   Code   RO          186    i.MX_GPIO_Init      gpio.o
    0x080013f8   0x080013f8   0x00000038   Code   RO          254    i.MX_USART1_UART_Init  usart.o
    0x08001430   0x08001430   0x00000038   Code   RO          255    i.MX_USART2_UART_Init  usart.o
    0x08001468   0x08001468   0x00000038   Code   RO          256    i.MX_USART3_UART_Init  usart.o
    0x080014a0   0x080014a0   0x00000002   Code   RO          348    i.NMI_Handler       stm32f4xx_it.o
    0x080014a2   0x080014a2   0x00000012   Code   RO         2503    i.SysTick_Handler   board.o
    0x080014b4   0x080014b4   0x00000088   Code   RO           14    i.SystemClock_Config  main.o
    0x0800153c   0x0800153c   0x0000007c   Code   RO         2184    i.SystemCoreClockUpdate  system_stm32f4xx.o
    0x080015b8   0x080015b8   0x0000001c   Code   RO         2185    i.SystemInit        system_stm32f4xx.o
    0x080015d4   0x080015d4   0x00000128   Code   RO         1909    i.UART_SetConfig    stm32f4xx_hal_uart.o
    0x080016fc   0x080016fc   0x00000064   Code   RO         1911    i.UART_WaitOnFlagUntilTimeout  stm32f4xx_hal_uart.o
    0x08001760   0x08001760   0x00000002   Code   RO          349    i.UsageFault_Handler  stm32f4xx_it.o
    0x08001762   0x08001762   0x00000020   Code   RO         1447    i.__NVIC_SetPriority  stm32f4xx_hal_cortex.o
    0x08001782   0x08001782   0x00000002   PAD
    0x08001784   0x08001784   0x00000044   Code   RO         2995    i.__rt_ffs          kservice.o
    0x080017c8   0x080017c8   0x0000000e   Code   RO         3788    i.__scatterload_copy  mc_w.l(handlers.o)
    0x080017d6   0x080017d6   0x00000002   Code   RO         3789    i.__scatterload_null  mc_w.l(handlers.o)
    0x080017d8   0x080017d8   0x0000000e   Code   RO         3790    i.__scatterload_zeroinit  mc_w.l(handlers.o)
    0x080017e6   0x080017e6   0x00000002   PAD
    0x080017e8   0x080017e8   0x00000014   Code   RO         2643    i._has_defunct_thread  idle.o
    0x080017fc   0x080017fc   0x000000cc   Code   RO         2440    i._msh_exec_cmd     msh.o
    0x080018c8   0x080018c8   0x000000c0   Code   RO         3433    i._rt_thread_init   thread.o
    0x08001988   0x08001988   0x0000001c   Code   RO         3576    i._rt_timer_init    timer.o
    0x080019a4   0x080019a4   0x00000012   Code   RO         3577    i._rt_timer_remove  timer.o
    0x080019b6   0x080019b6   0x00000002   PAD
    0x080019b8   0x080019b8   0x000000e8   Code   RO         3682    i.bus_fault_track   cpuport.o
    0x08001aa0   0x08001aa0   0x0000000a   Code   RO         2441    i.cmd_free          msh.o
    0x08001aaa   0x08001aaa   0x0000000a   Code   RO         2442    i.cmd_ps            msh.o
    0x08001ab4   0x08001ab4   0x00000060   Code   RO         2220    i.finsh_get_prompt  shell.o
    0x08001b14   0x08001b14   0x00000040   Code   RO         2224    i.finsh_set_prompt_mode  shell.o
    0x08001b54   0x08001b54   0x0000000c   Code   RO         2225    i.finsh_system_function_init  shell.o
    0x08001b60   0x08001b60   0x00000094   Code   RO         2226    i.finsh_system_init  shell.o
    0x08001bf4   0x08001bf4   0x0000028c   Code   RO         2228    i.finsh_thread_entry  shell.o
    0x08001e80   0x08001e80   0x00000078   Code   RO         3683    i.hard_fault_track  cpuport.o
    0x08001ef8   0x08001ef8   0x00000020   Code   RO         2320    i.hello             cmd.o
    0x08001f18   0x08001f18   0x00000054   Code   RO         2321    i.list              cmd.o
    0x08001f6c   0x08001f6c   0x00000130   Code   RO         2322    i.list_event        cmd.o
    0x0800209c   0x0800209c   0x00000024   Code   RO         2323    i.list_find_init    cmd.o
    0x080020c0   0x080020c0   0x00000066   Code   RO         2324    i.list_get_next     cmd.o
    0x08002126   0x08002126   0x00000002   PAD
    0x08002128   0x08002128   0x00000144   Code   RO         2325    i.list_mailbox      cmd.o
    0x0800226c   0x0800226c   0x0000006c   Code   RO         3184    i.list_mem          mem.o
    0x080022d8   0x080022d8   0x00000128   Code   RO         2326    i.list_msgqueue     cmd.o
    0x08002400   0x08002400   0x000000f8   Code   RO         2327    i.list_mutex        cmd.o
    0x080024f8   0x080024f8   0x0000011c   Code   RO         2328    i.list_sem          cmd.o
    0x08002614   0x08002614   0x000001b8   Code   RO         2329    i.list_thread       cmd.o
    0x080027cc   0x080027cc   0x00000140   Code   RO         2330    i.list_timer        cmd.o
    0x0800290c   0x0800290c   0x0000002e   Code   RO           15    i.main              main.o
    0x0800293a   0x0800293a   0x0000000e   Code   RO         2575    i.main_thread_entry  components.o
    0x08002948   0x08002948   0x000000d8   Code   RO         3684    i.mem_manage_fault_track  cpuport.o
    0x08002a20   0x08002a20   0x000000ac   Code   RO         2443    i.msh_auto_complete  msh.o
    0x08002acc   0x08002acc   0x00000064   Code   RO         2444    i.msh_exec          msh.o
    0x08002b30   0x08002b30   0x0000006c   Code   RO         2445    i.msh_help          msh.o
    0x08002b9c   0x08002b9c   0x00000004   Code   RO         2446    i.msh_is_used       msh.o
    0x08002ba0   0x08002ba0   0x000000d0   Code   RO         2447    i.msh_split         msh.o
    0x08002c70   0x08002c70   0x00000018   Code   RO         2331    i.object_split      cmd.o
    0x08002c88   0x08002c88   0x000000e8   Code   RO         3185    i.plug_holes        mem.o
    0x08002d70   0x08002d70   0x00000130   Code   RO         2997    i.print_number      kservice.o
    0x08002ea0   0x08002ea0   0x00000050   Code   RO         2576    i.rt_application_init  components.o
    0x08002ef0   0x08002ef0   0x0000006c   Code   RO         2998    i.rt_assert_handler  kservice.o
    0x08002f5c   0x08002f5c   0x0000001a   Code   RO         3186    i.rt_calloc         mem.o
    0x08002f76   0x08002f76   0x00000002   PAD
    0x08002f78   0x08002f78   0x0000001c   Code   RO         2577    i.rt_components_board_init  components.o
    0x08002f94   0x08002f94   0x0000001c   Code   RO         2578    i.rt_components_init  components.o
    0x08002fb0   0x08002fb0   0x0000001c   Code   RO         3365    i.rt_enter_critical  scheduler.o
    0x08002fcc   0x08002fcc   0x00000038   Code   RO         3366    i.rt_exit_critical  scheduler.o
    0x08003004   0x08003004   0x000001cc   Code   RO         3187    i.rt_free           mem.o
    0x080031d0   0x080031d0   0x00000008   Code   RO         2504    i.rt_heap_begin_get  board.o
    0x080031d8   0x080031d8   0x00000008   Code   RO         2505    i.rt_heap_end_get   board.o
    0x080031e0   0x080031e0   0x00000050   Code   RO         2506    i.rt_hw_board_init  board.o
    0x08003230   0x08003230   0x0000002c   Code   RO          257    i.rt_hw_console_getchar  usart.o
    0x0800325c   0x0800325c   0x00000048   Code   RO          258    i.rt_hw_console_output  usart.o
    0x080032a4   0x080032a4   0x00000218   Code   RO         3688    i.rt_hw_hard_fault_exception  cpuport.o
    0x080034bc   0x080034bc   0x0000003c   Code   RO         3689    i.rt_hw_stack_init  cpuport.o
    0x080034f8   0x080034f8   0x00000024   Code   RO         2956    i.rt_interrupt_enter  irq.o
    0x0800351c   0x0800351c   0x0000000c   Code   RO         2958    i.rt_interrupt_get_nest  irq.o
    0x08003528   0x08003528   0x00000024   Code   RO         2959    i.rt_interrupt_leave  irq.o
    0x0800354c   0x0800354c   0x0000000e   Code   RO         2703    i.rt_ipc_list_resume  ipc.o
    0x0800355a   0x0800355a   0x00000002   PAD
    0x0800355c   0x0800355c   0x00000052   Code   RO         2705    i.rt_ipc_list_suspend  ipc.o
    0x080035ae   0x080035ae   0x00000002   PAD
    0x080035b0   0x080035b0   0x00000020   Code   RO         3003    i.rt_kprintf        kservice.o
    0x080035d0   0x080035d0   0x0000000e   Code   RO         3257    i.rt_list_insert_after  object.o
    0x080035de   0x080035de   0x0000000e   Code   RO         3434    i.rt_list_insert_after  thread.o
    0x080035ec   0x080035ec   0x0000000e   Code   RO         3578    i.rt_list_insert_after  timer.o
    0x080035fa   0x080035fa   0x0000000e   Code   RO         2706    i.rt_list_insert_before  ipc.o
    0x08003608   0x08003608   0x00000012   Code   RO         2332    i.rt_list_len       cmd.o
    0x0800361a   0x0800361a   0x00000012   Code   RO         3258    i.rt_list_remove    object.o
    0x0800362c   0x0800362c   0x00000012   Code   RO         3435    i.rt_list_remove    thread.o
    0x0800363e   0x0800363e   0x00000002   PAD
    0x08003640   0x08003640   0x000001fc   Code   RO         3189    i.rt_malloc         mem.o
    0x0800383c   0x0800383c   0x00000032   Code   RO         3008    i.rt_memmove        kservice.o
    0x0800386e   0x0800386e   0x00000012   Code   RO         3009    i.rt_memset         kservice.o
    0x08003880   0x08003880   0x000000dc   Code   RO         3259    i.rt_object_allocate  object.o
    0x0800395c   0x0800395c   0x00000098   Code   RO         3261    i.rt_object_delete  object.o
    0x080039f4   0x080039f4   0x00000054   Code   RO         3262    i.rt_object_detach  object.o
    0x08003a48   0x08003a48   0x00000024   Code   RO         3265    i.rt_object_get_information  object.o
    0x08003a6c   0x08003a6c   0x00000034   Code   RO         3266    i.rt_object_get_type  object.o
    0x08003aa0   0x08003aa0   0x000000ac   Code   RO         3267    i.rt_object_init    object.o
    0x08003b4c   0x08003b4c   0x00000038   Code   RO         3268    i.rt_object_is_systemobject  object.o
    0x08003b84   0x08003b84   0x0000003a   Code   RO          259    i.rt_ringbuffer_data_len  usart.o
    0x08003bbe   0x08003bbe   0x00000002   PAD
    0x08003bc0   0x08003bc0   0x00000068   Code   RO          260    i.rt_ringbuffer_getchar  usart.o
    0x08003c28   0x08003c28   0x00000068   Code   RO          261    i.rt_ringbuffer_init  usart.o
    0x08003c90   0x08003c90   0x00000064   Code   RO         3367    i.rt_schedule       scheduler.o
    0x08003cf4   0x08003cf4   0x00000074   Code   RO         3368    i.rt_schedule_insert_thread  scheduler.o
    0x08003d68   0x08003d68   0x00000070   Code   RO         3369    i.rt_schedule_remove_thread  scheduler.o
    0x08003dd8   0x08003dd8   0x0000006c   Code   RO         2734    i.rt_sem_init       ipc.o
    0x08003e44   0x08003e44   0x00000080   Code   RO         2735    i.rt_sem_release    ipc.o
    0x08003ec4   0x08003ec4   0x0000017c   Code   RO         2736    i.rt_sem_take       ipc.o
    0x08004040   0x08004040   0x000000b0   Code   RO         3011    i.rt_show_version   kservice.o
    0x080040f0   0x080040f0   0x00000010   Code   RO         3017    i.rt_strlen         kservice.o
    0x08004100   0x08004100   0x00000026   Code   RO         3019    i.rt_strncpy        kservice.o
    0x08004126   0x08004126   0x00000002   PAD
    0x08004128   0x08004128   0x00000108   Code   RO         3193    i.rt_system_heap_init  mem.o
    0x08004230   0x08004230   0x00000034   Code   RO         3371    i.rt_system_scheduler_init  scheduler.o
    0x08004264   0x08004264   0x00000028   Code   RO         3372    i.rt_system_scheduler_start  scheduler.o
    0x0800428c   0x0800428c   0x0000000c   Code   RO         3579    i.rt_system_timer_init  timer.o
    0x08004298   0x08004298   0x00000002   Code   RO         3580    i.rt_system_timer_thread_init  timer.o
    0x0800429a   0x0800429a   0x00000048   Code   RO         3437    i.rt_thread_create  thread.o
    0x080042e2   0x080042e2   0x00000002   PAD
    0x080042e4   0x080042e4   0x00000058   Code   RO         3441    i.rt_thread_exit    thread.o
    0x0800433c   0x0800433c   0x0000001c   Code   RO         2645    i.rt_thread_idle_entry  idle.o
    0x08004358   0x08004358   0x000000cc   Code   RO         2646    i.rt_thread_idle_excute  idle.o
    0x08004424   0x08004424   0x00000038   Code   RO         2648    i.rt_thread_idle_init  idle.o
    0x0800445c   0x0800445c   0x00000080   Code   RO         3443    i.rt_thread_init    thread.o
    0x080044dc   0x080044dc   0x0000008c   Code   RO         3446    i.rt_thread_resume  thread.o
    0x08004568   0x08004568   0x0000000c   Code   RO         3448    i.rt_thread_self    thread.o
    0x08004574   0x08004574   0x000000bc   Code   RO         3450    i.rt_thread_startup  thread.o
    0x08004630   0x08004630   0x00000090   Code   RO         3451    i.rt_thread_suspend  thread.o
    0x080046c0   0x080046c0   0x000000b4   Code   RO         3453    i.rt_thread_timeout  thread.o
    0x08004774   0x08004774   0x00000060   Code   RO         3454    i.rt_thread_yield   thread.o
    0x080047d4   0x080047d4   0x0000000c   Code   RO         2538    i.rt_tick_get       clock.o
    0x080047e0   0x080047e0   0x0000002c   Code   RO         2539    i.rt_tick_increase  clock.o
    0x0800480c   0x0800480c   0x0000007c   Code   RO         3581    i.rt_timer_check    timer.o
    0x08004888   0x08004888   0x000000b0   Code   RO         3582    i.rt_timer_control  timer.o
    0x08004938   0x08004938   0x000000d4   Code   RO         3585    i.rt_timer_detach   timer.o
    0x08004a0c   0x08004a0c   0x00000050   Code   RO         3588    i.rt_timer_init     timer.o
    0x08004a5c   0x08004a5c   0x0000014c   Code   RO         3590    i.rt_timer_start    timer.o
    0x08004ba8   0x08004ba8   0x000000b4   Code   RO         3591    i.rt_timer_stop     timer.o
    0x08004c5c   0x08004c5c   0x0000027c   Code   RO         3022    i.rt_vsnprintf      kservice.o
    0x08004ed8   0x08004ed8   0x00000004   Code   RO         2579    i.rti_board_end     components.o
    0x08004edc   0x08004edc   0x00000004   Code   RO         2580    i.rti_board_start   components.o
    0x08004ee0   0x08004ee0   0x00000004   Code   RO         2581    i.rti_end           components.o
    0x08004ee4   0x08004ee4   0x00000004   Code   RO         2582    i.rti_start         components.o
    0x08004ee8   0x08004ee8   0x0000002a   Code   RO         2583    i.rtthread_startup  components.o
    0x08004f12   0x08004f12   0x00000002   PAD
    0x08004f14   0x08004f14   0x00000030   Code   RO         2333    i.show_wait_queue   cmd.o
    0x08004f44   0x08004f44   0x00000028   Code   RO         3024    i.skip_atoi         kservice.o
    0x08004f6c   0x08004f6c   0x000000d0   Code   RO         3690    i.usage_fault_track  cpuport.o
    0x0800503c   0x0800503c   0x0000000a   Code   RO         2334    i.version           cmd.o
    0x08005046   0x08005046   0x0000003f   Data   RO          264    .constdata          usart.o
    0x08005085   0x08005085   0x00000010   Data   RO         2186    .constdata          system_stm32f4xx.o
    0x08005095   0x08005095   0x00000008   Data   RO         2187    .constdata          system_stm32f4xx.o
    0x0800509d   0x0800509d   0x0000004a   Data   RO         2230    .constdata          shell.o
    0x080050e7   0x080050e7   0x00000006   Data   RO         2335    .constdata          cmd.o
    0x080050ed   0x080050ed   0x00000008   Data   RO         2336    .constdata          cmd.o
    0x080050f5   0x080050f5   0x0000000e   Data   RO         2337    .constdata          cmd.o
    0x08005103   0x08005103   0x0000000c   Data   RO         2338    .constdata          cmd.o
    0x0800510f   0x0800510f   0x00000012   Data   RO         2339    .constdata          cmd.o
    0x08005121   0x08005121   0x00000009   Data   RO         2340    .constdata          cmd.o
    0x0800512a   0x0800512a   0x0000000f   Data   RO         2341    .constdata          cmd.o
    0x08005139   0x08005139   0x0000000b   Data   RO         2342    .constdata          cmd.o
    0x08005144   0x08005144   0x00000011   Data   RO         2343    .constdata          cmd.o
    0x08005155   0x08005155   0x0000000b   Data   RO         2344    .constdata          cmd.o
    0x08005160   0x08005160   0x00000011   Data   RO         2345    .constdata          cmd.o
    0x08005171   0x08005171   0x0000000d   Data   RO         2346    .constdata          cmd.o
    0x0800517e   0x0800517e   0x00000013   Data   RO         2347    .constdata          cmd.o
    0x08005191   0x08005191   0x0000000e   Data   RO         2348    .constdata          cmd.o
    0x0800519f   0x0800519f   0x00000014   Data   RO         2349    .constdata          cmd.o
    0x080051b3   0x080051b3   0x0000000b   Data   RO         2350    .constdata          cmd.o
    0x080051be   0x080051be   0x00000011   Data   RO         2351    .constdata          cmd.o
    0x080051cf   0x080051cf   0x00000005   Data   RO         2352    .constdata          cmd.o
    0x080051d4   0x080051d4   0x0000000b   Data   RO         2448    .constdata          msh.o
    0x080051df   0x080051df   0x00000009   Data   RO         2449    .constdata          msh.o
    0x080051e8   0x080051e8   0x0000000b   Data   RO         2450    .constdata          msh.o
    0x080051f3   0x080051f3   0x0000000e   Data   RO         2451    .constdata          msh.o
    0x08005201   0x08005201   0x00000014   Data   RO         2584    .constdata          components.o
    0x08005215   0x08005215   0x00000016   Data   RO         2651    .constdata          idle.o
    0x0800522b   0x0800522b   0x000001f7   Data   RO         2738    .constdata          ipc.o
    0x08005422   0x08005422   0x00000122   Data   RO         3026    .constdata          kservice.o
    0x08005544   0x08005544   0x00000009   Data   RO         3195    .constdata          mem.o
    0x0800554d   0x0800554d   0x0000003c   Data   RO         3196    .constdata          mem.o
    0x08005589   0x08005589   0x00000080   Data   RO         3273    .constdata          object.o
    0x08005609   0x08005609   0x00000034   Data   RO         3374    .constdata          scheduler.o
    0x0800563d   0x0800563d   0x000000b9   Data   RO         3455    .constdata          thread.o
    0x080056f6   0x080056f6   0x0000005c   Data   RO         3592    .constdata          timer.o
    0x08005752   0x08005752   0x00000002   PAD
    0x08005754   0x08005754   0x00000044   Data   RO         2353    .conststring        cmd.o
    0x08005798   0x08005798   0x00000045   Data   RO         2739    .conststring        ipc.o
    0x080057dd   0x080057dd   0x00000003   PAD
    0x080057e0   0x080057e0   0x000000ed   Data   RO         3197    .conststring        mem.o
    0x080058cd   0x080058cd   0x00000003   PAD
    0x080058d0   0x080058d0   0x00000042   Data   RO         3456    .conststring        thread.o
    0x08005912   0x08005912   0x00000002   PAD
    0x08005914   0x08005914   0x00000004   Data   RO         2585    .rti_fn.0           components.o
    0x08005918   0x08005918   0x00000004   Data   RO         2586    .rti_fn.0.end       components.o
    0x0800591c   0x0800591c   0x00000004   Data   RO         2587    .rti_fn.1.end       components.o
    0x08005920   0x08005920   0x00000004   Data   RO         2232    .rti_fn.6           shell.o
    0x08005924   0x08005924   0x00000004   Data   RO         2588    .rti_fn.6.end       components.o
    0x08005928   0x08005928   0x00000090   Data   RO         2354    FSymTab             cmd.o
    0x080059b8   0x080059b8   0x00000018   Data   RO         2452    FSymTab             msh.o
    0x080059d0   0x080059d0   0x00000008   Data   RO         3199    FSymTab             mem.o
    0x080059d8   0x080059d8   0x00000020   Data   RO         3786    Region$$Table       anon$$obj.o


    Execution Region RW_IRAM2 (Exec base: 0x10000000, Load base: 0x08005a40, Size: 0x00000000, Max: 0x00010000, ABSOLUTE)

    **** No section assigned to this execution region ****


    Execution Region RW_IRAM1 (Exec base: 0x20000000, Load base: 0x080059f8, Size: 0x00001a48, Max: 0x00020000, ABSOLUTE, COMPRESSED[0x00000048])

    Exec Addr    Load Addr    Size         Type   Attr      Idx    E Section Name        Object

    0x20000000   COMPRESSED   0x0000000c   Data   RW         1591    .data               stm32f4xx_hal.o
    0x2000000c   COMPRESSED   0x00000004   Data   RW         2188    .data               system_stm32f4xx.o
    0x20000010   COMPRESSED   0x00000018   Data   RW         2231    .data               shell.o
    0x20000028   COMPRESSED   0x00000004   Data   RW         2541    .data               clock.o
    0x2000002c   COMPRESSED   0x0000000c   Data   RW         2961    .data               irq.o
    0x20000038   COMPRESSED   0x00000008   Data   RW         3027    .data               kservice.o
    0x20000040   COMPRESSED   0x00000020   Data   RW         3198    .data               mem.o
    0x20000060   COMPRESSED   0x00000084   Data   RW         3274    .data               object.o
    0x200000e4   COMPRESSED   0x00000018   Data   RW         3375    .data               scheduler.o
    0x200000fc   COMPRESSED   0x0000000c   Data   RW         3457    .data               thread.o
    0x20000108   COMPRESSED   0x00000014   Data   RW         3593    .data               timer.o
    0x2000011c   COMPRESSED   0x00000004   Data   RW         3692    .data               cpuport.o
    0x20000120   COMPRESSED   0x00000004   Data   RW         3693    .data               cpuport.o
    0x20000124   COMPRESSED   0x00000004   Data   RW         3694    .data               cpuport.o
    0x20000128   COMPRESSED   0x00000004   Data   RW         3695    .data               cpuport.o
    0x2000012c        -       0x00000048   Zero   RW          213    .bss                adc.o
    0x20000174        -       0x00000104   Zero   RW          263    .bss                usart.o
    0x20000278        -       0x00000081   Zero   RW         2229    .bss                shell.o
    0x200002f9   COMPRESSED   0x00000003   PAD
    0x200002fc        -       0x00001000   Zero   RW         2507    .bss                board.o
    0x200012fc        -       0x000001a0   Zero   RW         2650    .bss                idle.o
    0x2000149c        -       0x00000080   Zero   RW         3025    .bss                kservice.o
    0x2000151c        -       0x00000028   Zero   RW         3194    .bss                mem.o
    0x20001544        -       0x00000100   Zero   RW         3373    .bss                scheduler.o
    0x20001644   COMPRESSED   0x00000004   PAD
    0x20001648        -       0x00000400   Zero   RW            1    STACK               startup_stm32f407xx.o


==============================================================================

Image component sizes


      Code (inc. data)   RO Data    RW Data    ZI Data      Debug   Object Name

       212         26          0          0         72       1693   adc.o
       114         18          0          0       4096       3537   board.o
        56         12          0          4          0       1445   clock.o
      2570        970        449          0          0      19574   cmd.o
       218         48         36          0          0       7004   components.o
       308         26          0          0          0        916   context_rvds.o
      1372        736          0         16          0       7210   cpuport.o
       144         10          0          0          0        979   gpio.o
       308         76         22          0        416       6438   idle.o
       726        202        572          0          0      36631   ipc.o
        84         14          0         12          0       2602   irq.o
      1486        220        290          8        128      12268   kservice.o
       184         10          0          0          0     678534   main.o
      1598        686        314         32         40       7615   mem.o
       816        168         69          0          0       8501   msh.o
       804        280        128        132          0      11782   object.o
       504        104         52         24        256       9250   scheduler.o
       972        162         78         24        129      12568   shell.o
        36          8        392          0       1024        844   startup_stm32f407xx.o
       128         20          0         12          0       8295   stm32f4xx_hal.o
       712         28          0          0          0       2911   stm32f4xx_hal_adc.o
       198         14          0          0          0      33983   stm32f4xx_hal_cortex.o
       450         46          0          0          0       2420   stm32f4xx_hal_gpio.o
        48          6          0          0          0        842   stm32f4xx_hal_msp.o
      1332         76          0          0          0       5268   stm32f4xx_hal_rcc.o
       680         10          0          0          0       4152   stm32f4xx_hal_uart.o
         8          0          0          0          0       1845   stm32f4xx_it.o
       152         26         24          4          0       1891   system_stm32f4xx.o
      1272        368        251         12          0      16795   thread.o
      1178        466         92         20          0      12835   timer.o
       938        134         63          0        260       7735   usart.o

    ----------------------------------------------------------------------
     19640       4970       2874        300       6428     928363   Object Totals
         0          0         32          0          0          0   (incl. Generated)
        32          0         10          0          7          0   (incl. Padding)

    ----------------------------------------------------------------------

      Code (inc. data)   RO Data    RW Data    ZI Data      Debug   Library Member Name

        86          0          0          0          0          0   __dczerorl2.o
         0          0          0          0          0          0   entry.o
         0          0          0          0          0          0   entry10a.o
         0          0          0          0          0          0   entry11a.o
         8          4          0          0          0          0   entry2.o
         4          0          0          0          0          0   entry5.o
         0          0          0          0          0          0   entry7b.o
         0          0          0          0          0          0   entry8b.o
         8          4          0          0          0          0   entry9a.o
        30          0          0          0          0          0   handlers.o
        36          8          0          0          0         68   init.o
        30          0          0          0          0         68   llshl.o
        32          0          0          0          0         68   llushr.o
        36          0          0          0          0         68   memcpya.o
        36          0          0          0          0        108   memseta.o
        24          0          0          0          0         68   strcat.o
        18          0          0          0          0         68   strcpy.o
        14          0          0          0          0         68   strlen.o
        30          0          0          0          0         80   strncmp.o
        24          0          0          0          0         76   strncpy.o
        98          0          0          0          0         92   uldiv.o

    ----------------------------------------------------------------------
       518         16          0          0          0        832   Library Totals
         4          0          0          0          0          0   (incl. Padding)

    ----------------------------------------------------------------------

      Code (inc. data)   RO Data    RW Data    ZI Data      Debug   Library Name

       514         16          0          0          0        832   mc_w.l

    ----------------------------------------------------------------------
       518         16          0          0          0        832   Library Totals

    ----------------------------------------------------------------------

==============================================================================


      Code (inc. data)   RO Data    RW Data    ZI Data      Debug   

     20158       4986       2874        300       6428     913515   Grand Totals
     20158       4986       2874         72       6428     913515   ELF Image Totals (compressed)
     20158       4986       2874         72          0          0   ROM Totals

==============================================================================

    Total RO  Size (Code + RO Data)                23032 (  22.49kB)
    Total RW  Size (RW Data + ZI Data)              6728 (   6.57kB)
    Total ROM Size (Code + RO Data + RW Data)      23104 (  22.56kB)

==============================================================================

